Help Screen
ft_nmap [OPTIONS]
--help Print this help screen
--ports ports to scan (eg: 1-10 or 1,2,3 or 1,5-15)
--ip ip addresses to scan in dot format
--file File name containing IP addresses to scan,
--speedup [250 max] number of parallel threads to use
--scan SYN/NULL/FIN/XMAS/ACK/UDP
